project,vid,files_updated,hunks,average_hunk_size,code_changed_lines,tangled_lines,tangled_hunks
Closure,103,2,4,3.0,12,0.0,0
Closure,103,12,8,4
Closure,103,70,978,1032
Csv,8,1,3,7.0,21,0.0,1
Csv,8,21,13,8
Csv,8,24,2140,2138
Jsoup,24,1,1,1.0,1,0.0,0
Jsoup,24,1,1,0
Jsoup,24,18,312,328
Lang,63,1,4,5.75,23,1.0,1
Lang,63,23,23,2
Lang,63,64,5767,5781
Lang,8,1,4,3.5,14,2.0,1
Lang,8,14,3,15
Lang,8,43,2310,2351
