Closure,103,0.48717948717948717,0.4857142857142857,0.580952380952381
Csv,8,0.5151515151515151,0.5108695652173914,0.5108695652173914
Jsoup,24,0.0,0.3333333333333333,0.3333333333333333
Lang,63,0.8405797101449275,0.7876923076923077,0.7876923076923077
Lang,8,0.8666666666666667,0.7794117647058824,0.7794117647058824